exports[`Then it should render a card with his details inside 1`] = `
<div className="section__card">
      <NavLink to={placeHolder === "homepage" ? `/detail/?id=${idHomepage}` : `detailEditPut/?id=${initialArticleData.id}`} className="main__more__read">
        <img
          src={image}
          alt=""
          className={"card__image"}
          width="200"
          height="100"
        />
      </NavLink>
      <p className="section__text">{text} </p>
      <div className="main__more__card">
        <NavLink to={placeHolder === "homepage" ? `/detail/?id=${idHomepage}` : `detailEditPut/?id=${initialArticleData.id}`} className="main__more__read">
          READ MORE
        </NavLink>
        <div className="main__read-later">

          <img src="/images/bookmark_false.png" alt="icono false" className={iconState ? "notShow" : "show"} width="17" height="17" onClick={postNewOnClick} />
          <img src="/images/bookmark_true.png" alt="icono true" className={iconState ? "show" : "notShow"} width="17" height="17" onClick={deleteOnClick} />

        </div>
      </div>
    </div>
`;